[english/cpu] loading /Users/chrisraethke/projects/laya-rs/.cache/laya/hub/convaiinnovations--laya/c5d78730f3493e4fe16d61507ef4b78eef7318cf/english
[english/cpu] loaded in 85.93s; 29 fixtures
[english/cpu] 1/29 bucket-choice-10: ok (1.51s)
[english/cpu] 2/29 bucket-choice-11: ok (1.58s)
[english/cpu] 3/29 bucket-choice-2: ok (0.79s)
[english/cpu] 4/29 bucket-choice-20: ok (1.40s)
[english/cpu] 5/29 bucket-choice-3: ok (0.85s)
[english/cpu] 6/29 bucket-choice-5: ok (0.87s)
[english/cpu] 7/29 bucket-choice-6: ok (0.82s)
[english/cpu] 8/29 bucket-score-2: ok (0.67s)
[english/cpu] 9/29 bucket-score-6: ok (1.00s)
[english/cpu] 10/29 distinct-en-q1: ok (3.00s)
[english/cpu] 11/29 distinct-en-q10: ok (28.11s)
[english/cpu] 12/29 distinct-en-q21: ok (57.82s)
[english/cpu] 13/29 distinct-en-q50: ok (147.97s)
WARNING fixture exceeded 60s: english/cpu/distinct-en-q50 took 147.97s
[english/cpu] 14/29 distinct-ml-q1: ok (3.58s)
[english/cpu] 15/29 distinct-ml-q10: ok (33.87s)
[english/cpu] 16/29 edge-empty-state: ok (0.91s)
[english/cpu] 17/29 edge-head-overflow: ok (2.11s)
[english/cpu] 18/29 edge-long-state: ok (9.71s)
[english/cpu] 19/29 edge-options-exceed: ok (3.83s)
[english/cpu] 20/29 edge-serialization: ok (11.65s)
[english/cpu] 21/29 edge-single-option: error-record (0.34s)
[english/cpu] 22/29 edge-state-list: ok (1.77s)
[english/cpu] 23/29 nonlatin-mixed-q6: ok (24.76s)
[english/cpu] 24/29 plan-example: ok (1.47s)
[english/cpu] 25/29 published-latency-q1: ok (1.91s)
[english/cpu] 26/29 published-latency-q10: ok (18.65s)
[english/cpu] 27/29 published-latency-q5: ok (8.75s)
[english/cpu] 28/29 published-latency-q50: ok (66.78s)
WARNING fixture exceeded 60s: english/cpu/published-latency-q50 took 66.78s
[english/cpu] 29/29 ragged-q12: ok (43.16s)
[multilingual/cpu] loading /Users/chrisraethke/projects/laya-rs/.cache/laya/hub/convaiinnovations--laya/c5d78730f3493e4fe16d61507ef4b78eef7318cf/multilingual
[multilingual/cpu] loaded in 38.96s; 29 fixtures
[multilingual/cpu] 1/29 bucket-choice-10: ok (0.36s)
[multilingual/cpu] 2/29 bucket-choice-11: ok (0.40s)
[multilingual/cpu] 3/29 bucket-choice-2: ok (0.26s)
[multilingual/cpu] 4/29 bucket-choice-20: ok (0.51s)
[multilingual/cpu] 5/29 bucket-choice-3: ok (0.29s)
[multilingual/cpu] 6/29 bucket-choice-5: ok (0.30s)
[multilingual/cpu] 7/29 bucket-choice-6: ok (0.36s)
[multilingual/cpu] 8/29 bucket-score-2: ok (0.32s)
[multilingual/cpu] 9/29 bucket-score-6: ok (0.42s)
[multilingual/cpu] 10/29 distinct-en-q1: ok (1.34s)
[multilingual/cpu] 11/29 distinct-en-q10: ok (12.05s)
[multilingual/cpu] 12/29 distinct-en-q21: ok (24.58s)
[multilingual/cpu] 13/29 distinct-en-q50: ok (58.72s)
[multilingual/cpu] 14/29 distinct-ml-q1: ok (1.45s)
[multilingual/cpu] 15/29 distinct-ml-q10: ok (9.46s)
[multilingual/cpu] 16/29 edge-empty-state: ok (0.36s)
[multilingual/cpu] 17/29 edge-head-overflow: ok (1.21s)
[multilingual/cpu] 18/29 edge-long-state: ok (14.85s)
[multilingual/cpu] 19/29 edge-options-exceed: ok (2.35s)
[multilingual/cpu] 20/29 edge-serialization: ok (6.96s)
[multilingual/cpu] 21/29 edge-single-option: error-record (0.40s)
[multilingual/cpu] 22/29 edge-state-list: ok (1.83s)
[multilingual/cpu] 23/29 nonlatin-mixed-q6: ok (5.53s)
[multilingual/cpu] 24/29 plan-example: ok (1.48s)
[multilingual/cpu] 25/29 published-latency-q1: ok (2.08s)
[multilingual/cpu] 26/29 published-latency-q10: ok (10.40s)
[multilingual/cpu] 27/29 published-latency-q5: ok (3.91s)
[multilingual/cpu] 28/29 published-latency-q50: ok (27.47s)
[multilingual/cpu] 29/29 ragged-q12: ok (18.54s)
[typed-decisions/cpu] loading /Users/chrisraethke/projects/laya-rs/.cache/laya/hub/convaiinnovations--laya/c5d78730f3493e4fe16d61507ef4b78eef7318cf/typed-decisions
[typed-decisions/cpu] loaded in 40.07s; 29 fixtures
[typed-decisions/cpu] 1/29 bucket-choice-10: ok (0.94s)
[typed-decisions/cpu] 2/29 bucket-choice-11: ok (1.05s)
[typed-decisions/cpu] 3/29 bucket-choice-2: ok (0.64s)
[typed-decisions/cpu] 4/29 bucket-choice-20: ok (1.56s)
[typed-decisions/cpu] 5/29 bucket-choice-3: ok (1.01s)
[typed-decisions/cpu] 6/29 bucket-choice-5: ok (1.13s)
[typed-decisions/cpu] 7/29 bucket-choice-6: ok (0.97s)
[typed-decisions/cpu] 8/29 bucket-score-2: ok (0.77s)
[typed-decisions/cpu] 9/29 bucket-score-6: ok (1.00s)
[typed-decisions/cpu] 10/29 distinct-en-q1: ok (3.43s)
[typed-decisions/cpu] 11/29 distinct-en-q10: ok (27.25s)
[typed-decisions/cpu] 12/29 distinct-en-q21: ok (61.75s)
WARNING fixture exceeded 60s: typed-decisions/cpu/distinct-en-q21 took 61.75s
[typed-decisions/cpu] 13/29 distinct-en-q50: ok (142.32s)
WARNING fixture exceeded 60s: typed-decisions/cpu/distinct-en-q50 took 142.32s
[typed-decisions/cpu] 14/29 distinct-ml-q1: ok (2.65s)
[typed-decisions/cpu] 15/29 distinct-ml-q10: ok (23.23s)
[typed-decisions/cpu] 16/29 edge-empty-state: ok (0.91s)
[typed-decisions/cpu] 17/29 edge-head-overflow: ok (2.75s)
[typed-decisions/cpu] 18/29 edge-long-state: ok (19.71s)
[typed-decisions/cpu] 19/29 edge-options-exceed: ok (3.83s)
[typed-decisions/cpu] 20/29 edge-serialization: ok (11.79s)
[typed-decisions/cpu] 21/29 edge-single-option: error-record (0.37s)
[typed-decisions/cpu] 22/29 edge-state-list: ok (1.82s)
[typed-decisions/cpu] 23/29 nonlatin-mixed-q6: ok (19.52s)
[typed-decisions/cpu] 24/29 plan-example: ok (1.55s)
[typed-decisions/cpu] 25/29 published-latency-q1: ok (2.10s)
[typed-decisions/cpu] 26/29 published-latency-q10: ok (17.39s)
[typed-decisions/cpu] 27/29 published-latency-q5: ok (9.48s)
[typed-decisions/cpu] 28/29 published-latency-q50: ok (75.89s)
WARNING fixture exceeded 60s: typed-decisions/cpu/published-latency-q50 took 75.89s
[typed-decisions/cpu] 29/29 ragged-q12: ok (56.88s)
