[english/mps] loading /Users/chrisraethke/projects/laya-rs/.cache/laya/hub/convaiinnovations--laya/c5d78730f3493e4fe16d61507ef4b78eef7318cf/english
[english/mps] loaded in 45.01s; 29 fixtures
[english/mps] 1/29 bucket-choice-10: ok (0.65s)
[english/mps] 2/29 bucket-choice-11: ok (0.16s)
[english/mps] 3/29 bucket-choice-2: ok (0.11s)
[english/mps] 4/29 bucket-choice-20: ok (0.14s)
[english/mps] 5/29 bucket-choice-3: ok (0.11s)
[english/mps] 6/29 bucket-choice-5: ok (0.10s)
[english/mps] 7/29 bucket-choice-6: ok (0.11s)
[english/mps] 8/29 bucket-score-2: ok (0.11s)
[english/mps] 9/29 bucket-score-6: ok (0.12s)
[english/mps] 10/29 distinct-en-q1: ok (0.28s)
[english/mps] 11/29 distinct-en-q10: ok (2.81s)
[english/mps] 12/29 distinct-en-q21: ok (5.89s)
[english/mps] 13/29 distinct-en-q50: ok (14.15s)
[english/mps] 14/29 distinct-ml-q1: ok (0.32s)
[english/mps] 15/29 distinct-ml-q10: ok (2.79s)
[english/mps] 16/29 edge-empty-state: ok (0.12s)
[english/mps] 17/29 edge-head-overflow: ok (0.21s)
[english/mps] 18/29 edge-long-state: ok (0.84s)
[english/mps] 19/29 edge-options-exceed: ok (0.37s)
[english/mps] 20/29 edge-serialization: ok (1.08s)
[english/mps] 21/29 edge-single-option: error-record (0.06s)
[english/mps] 22/29 edge-state-list: ok (0.20s)
[english/mps] 23/29 nonlatin-mixed-q6: ok (1.88s)
[english/mps] 24/29 plan-example: ok (0.17s)
[english/mps] 25/29 published-latency-q1: ok (0.20s)
[english/mps] 26/29 published-latency-q10: ok (1.58s)
[english/mps] 27/29 published-latency-q5: ok (0.82s)
[english/mps] 28/29 published-latency-q50: ok (7.82s)
[english/mps] 29/29 ragged-q12: ok (4.87s)
[multilingual/mps] loading /Users/chrisraethke/projects/laya-rs/.cache/laya/hub/convaiinnovations--laya/c5d78730f3493e4fe16d61507ef4b78eef7318cf/multilingual
[multilingual/mps] loaded in 38.93s; 29 fixtures
[multilingual/mps] 1/29 bucket-choice-10: ok (0.10s)
[multilingual/mps] 2/29 bucket-choice-11: ok (0.09s)
[multilingual/mps] 3/29 bucket-choice-2: ok (0.07s)
[multilingual/mps] 4/29 bucket-choice-20: ok (0.09s)
[multilingual/mps] 5/29 bucket-choice-3: ok (0.07s)
[multilingual/mps] 6/29 bucket-choice-5: ok (0.07s)
[multilingual/mps] 7/29 bucket-choice-6: ok (0.07s)
[multilingual/mps] 8/29 bucket-score-2: ok (0.07s)
[multilingual/mps] 9/29 bucket-score-6: ok (0.08s)
[multilingual/mps] 10/29 distinct-en-q1: ok (0.14s)
[multilingual/mps] 11/29 distinct-en-q10: ok (1.24s)
[multilingual/mps] 12/29 distinct-en-q21: ok (2.53s)
[multilingual/mps] 13/29 distinct-en-q50: ok (6.04s)
[multilingual/mps] 14/29 distinct-ml-q1: ok (0.16s)
[multilingual/mps] 15/29 distinct-ml-q10: ok (0.93s)
[multilingual/mps] 16/29 edge-empty-state: ok (0.10s)
[multilingual/mps] 17/29 edge-head-overflow: ok (0.12s)
[multilingual/mps] 18/29 edge-long-state: ok (0.74s)
[multilingual/mps] 19/29 edge-options-exceed: ok (0.22s)
[multilingual/mps] 20/29 edge-serialization: ok (0.49s)
[multilingual/mps] 21/29 edge-single-option: error-record (0.05s)
[multilingual/mps] 22/29 edge-state-list: ok (0.10s)
[multilingual/mps] 23/29 nonlatin-mixed-q6: ok (0.45s)
[multilingual/mps] 24/29 plan-example: ok (0.10s)
[multilingual/mps] 25/29 published-latency-q1: ok (0.09s)
[multilingual/mps] 26/29 published-latency-q10: ok (0.60s)
[multilingual/mps] 27/29 published-latency-q5: ok (0.32s)
[multilingual/mps] 28/29 published-latency-q50: ok (2.99s)
[multilingual/mps] 29/29 ragged-q12: ok (2.51s)
[typed-decisions/mps] loading /Users/chrisraethke/projects/laya-rs/.cache/laya/hub/convaiinnovations--laya/c5d78730f3493e4fe16d61507ef4b78eef7318cf/typed-decisions
[typed-decisions/mps] loaded in 40.15s; 29 fixtures
[typed-decisions/mps] 1/29 bucket-choice-10: ok (0.13s)
[typed-decisions/mps] 2/29 bucket-choice-11: ok (0.14s)
[typed-decisions/mps] 3/29 bucket-choice-2: ok (0.10s)
[typed-decisions/mps] 4/29 bucket-choice-20: ok (0.14s)
[typed-decisions/mps] 5/29 bucket-choice-3: ok (0.10s)
[typed-decisions/mps] 6/29 bucket-choice-5: ok (0.11s)
[typed-decisions/mps] 7/29 bucket-choice-6: ok (0.11s)
[typed-decisions/mps] 8/29 bucket-score-2: ok (0.10s)
[typed-decisions/mps] 9/29 bucket-score-6: ok (0.11s)
[typed-decisions/mps] 10/29 distinct-en-q1: ok (0.27s)
[typed-decisions/mps] 11/29 distinct-en-q10: ok (2.78s)
[typed-decisions/mps] 12/29 distinct-en-q21: ok (5.90s)
[typed-decisions/mps] 13/29 distinct-en-q50: ok (14.14s)
[typed-decisions/mps] 14/29 distinct-ml-q1: ok (0.32s)
[typed-decisions/mps] 15/29 distinct-ml-q10: ok (2.78s)
[typed-decisions/mps] 16/29 edge-empty-state: ok (0.13s)
[typed-decisions/mps] 17/29 edge-head-overflow: ok (0.26s)
[typed-decisions/mps] 18/29 edge-long-state: ok (1.74s)
[typed-decisions/mps] 19/29 edge-options-exceed: ok (0.37s)
[typed-decisions/mps] 20/29 edge-serialization: ok (1.10s)
[typed-decisions/mps] 21/29 edge-single-option: error-record (0.06s)
[typed-decisions/mps] 22/29 edge-state-list: ok (0.21s)
[typed-decisions/mps] 23/29 nonlatin-mixed-q6: ok (1.95s)
[typed-decisions/mps] 24/29 plan-example: ok (0.17s)
[typed-decisions/mps] 25/29 published-latency-q1: ok (0.20s)
[typed-decisions/mps] 26/29 published-latency-q10: ok (1.58s)
[typed-decisions/mps] 27/29 published-latency-q5: ok (0.82s)
[typed-decisions/mps] 28/29 published-latency-q50: ok (7.83s)
[typed-decisions/mps] 29/29 ragged-q12: ok (5.31s)
